node.exe : npm verbose cli 
C:\Program 
Files\nodejs\node.exe 
C:\Program Files\nodejs\node_mo
dules\npm\bin\npm-cli.js
At C:\Program 
Files\nodejs\npm.ps1:29 char:3
+   & $NODE_EXE $NPM_CLI_JS 
$args
+   
~~~~~~~~~~~~~~~~~~~~~~~~~~~~~
    + CategoryInfo          :  
   NotSpecified: (npm verbose  
   cli...\bin\npm-cli.js:Str   
 ing) [], RemoteException
    + FullyQualifiedErrorId :  
   NativeCommandError
 
npm info using npm@10.9.0
npm info using node@v22.12.0
npm verbose title npm run build
npm verbose argv "run" "build" 
"--loglevel" "verbose"
npm verbose logfile 
logs-max:10 dir:C:\Users\Fejin 
Francis\AppData\Local\npm-cache
\_logs\2025-12-31T07_02_35_742Z
-
npm verbose logfile 
C:\Users\Fejin Francis\AppData\
Local\npm-cache\_logs\2025-12-3
1T07_02_35_742Z-debug-0.log

> salon-website@0.0.0 build
> ng build

[33mΓ¥»[39m Building...
[32mΓ£ö[39m Building...
[1mInitial chunk files[22m[2m | [22m[1mNames[22m        [2m | [22m [1mRaw size[22m[2m | [22m[1mEstimated transfer size[22m
[32mmain-U32SD6AK.js[39m   [2m | [22m[2mmain[22m         [2m | [22m[36m362.74 kB[39m[2m | [22m               [36m86.97 kB[39m
[32mstyles-VECZBJZX.css[39m[2m | [22m[2mstyles[22m       [2m | [22m  [36m2.66 kB[39m[2m | [22m              [36m764 bytes[39m

[1m [22m                  [2m | [22m[1mInitial total[22m[2m | [22m[1m365.40 kB[22m[2m | [22m               [1m87.73 kB[22m

Application bundle generation failed. [5.545 seconds] - 2025-12-31T07:02:42.833Z

[1m[33m[33mΓû▓ [43;33m[[43
;30mWARNING[43;33m][0m [1msr
c/app/features/public/contact/c
ontact.component.scss exceeded 
maximum budget. Budget 4.00 kB 
was not met by 1.01 kB with a 
total of 5.01 kB.[0m


[33mΓû▓ [43;33m[[43;30mWARNI
NG[43;33m][0m [1msrc/app/fea
tures/admin/content-editor/cont
ent-editor.scss exceeded 
maximum budget. Budget 4.00 kB 
was not met by 4.41 kB with a 
total of 8.41 kB.[0m

[39m[22m
[1m[31m[31mX [41;31m[[41;9
7mERROR[41;31m][0m [1msrc/ap
p/features/admin/content-editor
/content-editor.scss exceeded 
maximum budget. Budget 8.00 kB 
was not met by 406 bytes with 
a total of 8.41 kB.[0m

[39m[22m
npm verbose cwd D:\Fejin Franci
s\Developement\AntiGravity\salo
n-website
npm verbose os Windows_NT 
10.0.26200
npm verbose node v22.12.0
npm verbose npm  v10.9.0
npm verbose exit 1
npm verbose code 1
