[33mΓ¥»[39m Building...
node.exe : 
At C:\Users\Fejin Francis\AppDa
ta\Roaming\npm\ng.ps1:24 char:5
+     & "node$exe"  "$basedir/n
ode_modules/@angular/cli/bin/ng
.js" $arg ...
+     ~~~~~~~~~~~~~~~~~~~~~~~~~
~~~~~~~~~~~~~~~~~~~~~~~~~~~~~~~
~~~~~~~~~
    + CategoryInfo          :  
   NotSpecified: (:String) []  
  , RemoteException
    + FullyQualifiedErrorId :  
   NativeCommandError
 
  main-2B4A5AFI.js  354.2kb

Done in 2894ms
[32mΓ£ö[39m Building...
[1mInitial chunk files[22m[2m | [22m[1mNames[22m        [2m | [22m [1mRaw size[22m[2m | [22m[1mEstimated transfer size[22m
[32mmain-2B4A5AFI.js[39m   [2m | [22m[2mmain[22m         [2m | [22m[36m362.68 kB[39m[2m | [22m               [36m86.92 kB[39m
[32mstyles-EYOWOZAA.css[39m[2m | [22m[2mstyles[22m       [2m | [22m  [36m2.65 kB[39m[2m | [22m              [36m763 bytes[39m

[1m [22m                  [2m | [22m[1mInitial total[22m[2m | [22m[1m365.33 kB[22m[2m | [22m               [1m87.68 kB[22m

Application bundle generation failed. [3.793 seconds] - 2025-12-31T06:33:32.804Z

[1m[33m[33mΓû▓ [43;33m[[43
;30mWARNING[43;33m][0m [1msr
c/app/features/admin/content-ed
itor/content-editor.scss 
exceeded maximum budget. 
Budget 4.00 kB was not met by 
4.35 kB with a total of 8.35 
kB.[0m


[33mΓû▓ [43;33m[[43;30mWARNI
NG[43;33m][0m [1msrc/app/fea
tures/public/contact/contact.co
mponent.scss exceeded maximum 
budget. Budget 4.00 kB was not 
met by 1.01 kB with a total of 
5.01 kB.[0m

[39m[22m
[1m[31m[31mX [41;31m[[41;9
7mERROR[41;31m][0m [1msrc/ap
p/features/admin/content-editor
/content-editor.scss exceeded 
maximum budget. Budget 8.00 kB 
was not met by 349 bytes with 
a total of 8.35 kB.[0m

[39m[22m
